11:18:09 **** Build of configuration Debug for project CMSIS_CORE_LPC17xx ****
make -r all 
Building file: ../src/system_LPC17xx.c
Invoking: MCU C Compiler
arm-none-eabi-gcc -D__REDLIB__ -DDEBUG -D__CODE_RED -D__USE_CMSIS=CMSIS_CORE_LPC17xx -I"C:\Faculdade\6_Semestre\SE2\SE2\CMSIS_CORE_LPC17xx\inc" -Os -g3 -Wall -c -fmessage-length=0 -fno-builtin -ffunction-sections -fdata-sections -mcpu=cortex-m3 -mthumb -D__REDLIB__ -specs=redlib.specs -MMD -MP -MF"src/system_LPC17xx.d" -MT"src/system_LPC17xx.o" -MT"src/system_LPC17xx.d" -o "src/system_LPC17xx.o" "../src/system_LPC17xx.c"
Finished building: ../src/system_LPC17xx.c
 
Building target: libCMSIS_CORE_LPC17xx.a
Invoking: MCU Archiver
arm-none-eabi-ar -r  "libCMSIS_CORE_LPC17xx.a"  ./src/system_LPC17xx.o   
c:\nxp\MCUXpressoIDE_10.1.1_606\ide\tools\bin\arm-none-eabi-ar.exe: creating libCMSIS_CORE_LPC17xx.a
Finished building target: libCMSIS_CORE_LPC17xx.a
 
make --no-print-directory post-build
Performing post-build steps
arm-none-eabi-size "libCMSIS_CORE_LPC17xx.a" ; # arm-none-eabi-objdump -h -S "libCMSIS_CORE_LPC17xx.a" >"libCMSIS_CORE_LPC17xx.lss"
   text	   data	    bss	    dec	    hex	filename
    404	      4	      0	    408	    198	system_LPC17xx.o (ex libCMSIS_CORE_LPC17xx.a)
 

11:18:15 Build Finished (took 5s.201ms)

