18:29:10 **** Incremental Build of configuration Debug for project CMSIS_CORE_LPC17xx ****
make -r all 
make: Nothing to be done for `all'.
18:29:12 **** Incremental Build of configuration Debug for project FreeRTOS_Library ****
make -r all 
make: Nothing to be done for `all'.
18:29:14 **** Incremental Build of configuration Debug for project LPC1769 ****
make -r all 
make: Nothing to be done for `all'.
18:29:23 **** Incremental Build of configuration Debug for project CMSIS_CORE_LPC17xx ****
make -r all 
make: Nothing to be done for `all'.
18:29:24 **** Incremental Build of configuration Debug for project FreeRTOS_Library ****
make -r all 
make: Nothing to be done for `all'.
18:29:26 **** Incremental Build of configuration Debug for project LPC1769 ****
make -r all 
make: Nothing to be done for `all'.
18:29:28 **** Incremental Build of configuration Debug for project TestEthernet ****
make -r -j4 all 
make: Nothing to be done for `all'.
18:29:31 **** Incremental Build of configuration Debug for project TestEthernet ****
make -r -j4 all 
make: Nothing to be done for `all'.
18:31:41 **** Incremental Build of configuration Debug for project CMSIS_CORE_LPC17xx ****
make -r all 
make: Nothing to be done for `all'.
18:31:43 **** Incremental Build of configuration Debug for project FreeRTOS_Library ****
make -r all 
make: Nothing to be done for `all'.
18:31:45 **** Incremental Build of configuration Debug for project LPC1769 ****
make -r all 
Building file: ../src/Ethernet.c
Invoking: MCU C Compiler
arm-none-eabi-gcc -D__REDLIB__ -DDEBUG -D__CODE_RED -DCORE_M3 -D__USE_CMSIS=CMSIS_CORE_LPC17xx -D__LPC17XX__ -I"C:\Users\Paulo\Desktop\SE2\SE2\LPC1769\inc" -I"C:\Users\Paulo\Desktop\SE2\SE2\FreeRTOS_Library\include" -I"C:\Users\Paulo\Desktop\SE2\SE2\FreeRTOS_Library\portable" -I"C:\Users\Paulo\Desktop\SE2\SE2\CMSIS_CORE_LPC17xx\inc" -O0 -fno-common -g3 -Wall -c -fmessage-length=0 -fno-builtin -ffunction-sections -fdata-sections -mcpu=cortex-m3 -mthumb -specs=redlib.specs -MMD -MP -MF"src/Ethernet.d" -MT"src/Ethernet.o" -MT"src/Ethernet.d" -o "src/Ethernet.o" "../src/Ethernet.c"
../src/Ethernet.c: In function 'Ethernet_Init':
../src/Ethernet.c:130:6: warning: unused variable 'b' [-Wunused-variable]
  int b = ReadFromPHY(2);
      ^
Finished building: ../src/Ethernet.c
 
Building target: libLPC1769.a
Invoking: MCU Archiver
arm-none-eabi-ar -r  "libLPC1769.a"  ./src/Ethernet.o ./src/Flash.o ./src/GPIO.o ./src/I2C.o ./src/KeyPad.o ./src/LCD.o ./src/RTC.o ./src/SPI.o ./src/Timer.o ./src/eeprom.o ./src/lab5_font.o ./src/storage.o   
c:\nxp\MCUXpressoIDE_10.1.1_606\ide\tools\bin\arm-none-eabi-ar.exe: creating libLPC1769.a
Finished building target: libLPC1769.a
 
make --no-print-directory post-build
Performing post-build steps
arm-none-eabi-size "libLPC1769.a" ; # arm-none-eabi-objdump -h -S "libLPC1769.a" >"libLPC1769.lss"
   text	   data	    bss	    dec	    hex	filename
   1320	      0	      0	   1320	    528	Ethernet.o (ex libLPC1769.a)
    234	      0	      0	    234	     ea	Flash.o (ex libLPC1769.a)
    216	      0	      0	    216	     d8	GPIO.o (ex libLPC1769.a)
    976	      0	    148	   1124	    464	I2C.o (ex libLPC1769.a)
    304	     32	     12	    348	    15c	KeyPad.o (ex libLPC1769.a)
   1210	      8	     20	   1238	    4d6	LCD.o (ex libLPC1769.a)
    432	      0	      0	    432	    1b0	RTC.o (ex libLPC1769.a)
    252	      0	      0	    252	     fc	SPI.o (ex libLPC1769.a)
    158	      0	      0	    158	     9e	Timer.o (ex libLPC1769.a)
    268	      0	      0	    268	    10c	eeprom.o (ex libLPC1769.a)
   1552	      0	      0	   1552	    610	lab5_font.o (ex libLPC1769.a)
     80	      0	      0	     80	     50	storage.o (ex libLPC1769.a)
 
18:31:50 **** Clean-only build of configuration Debug for project TestEthernet ****
make -r -j4 clean 
rm -rf  ./src/uip/psock.o ./src/uip/uip-fw.o ./src/uip/uip-neighbor.o ./src/uip/uip-split.o ./src/uip/uip.o ./src/uip/uip_arp.o ./src/uip/uiplib.o  ./src/apps/webclient/webclient-strings.o ./src/apps/webclient/webclient.o  ./src/apps/resolv/resolv.o  ./src/TestEthernet.o ./src/clock-arch.o ./src/cr_startup_lpc175x_6x.o ./src/crp.o  ./src/uip/psock.d ./src/uip/uip-fw.d ./src/uip/uip-neighbor.d ./src/uip/uip-split.d ./src/uip/uip.d ./src/uip/uip_arp.d ./src/uip/uiplib.d  ./src/apps/webclient/webclient-strings.d ./src/apps/webclient/webclient.d  ./src/apps/resolv/resolv.d  ./src/TestEthernet.d ./src/clock-arch.d ./src/cr_startup_lpc175x_6x.d ./src/crp.d  TestEthernet.axf
rm: cannot unlink `TestEthernet.axf': Permission denied
make: [clean] Error 1 (ignored)
 
18:31:51 **** Incremental Build of configuration Debug for project TestEthernet ****
make -r -j4 all 
Building file: ../src/uip/psock.c
Building file: ../src/uip/uip-fw.c
Building file: ../src/uip/uip-neighbor.c
Invoking: MCU C Compiler
arm-none-eabi-gcc -DDEBUG -D__CODE_RED -DCORE_M3 -D__USE_CMSIS=CMSIS_CORE_LPC17xx -D__LPC17XX__ -D__REDLIB__ -I"C:\Users\Paulo\Desktop\SE2\SE2\TestEthernet\src\uip" -I"C:\Users\Paulo\Desktop\SE2\SE2\TestEthernet\src\apps\webclient" -I"C:\Users\Paulo\Desktop\SE2\SE2\TestEthernet\src\apps\resolv" -I"C:\Users\Paulo\Desktop\SE2\SE2\TestEthernet\inc" -I"C:\Users\Paulo\Desktop\SE2\SE2\LPC1769\inc" -I"C:\Users\Paulo\Desktop\SE2\SE2\CMSIS_CORE_LPC17xx\inc" -O0 -fno-common -g3 -Wall -c -fmessage-length=0 -fno-builtin -ffunction-sections -fdata-sections -mcpu=cortex-m3 -mthumb -specs=redlib.specs -MMD -MP -MF"src/uip/psock.d" -MT"src/uip/psock.o" -MT"src/uip/psock.d" -o "src/uip/psock.o" "../src/uip/psock.c"
Invoking: MCU C Compiler
Invoking: MCU C Compiler
arm-none-eabi-gcc -DDEBUG -D__CODE_RED -DCORE_M3 -D__USE_CMSIS=CMSIS_CORE_LPC17xx -D__LPC17XX__ -D__REDLIB__ -I"C:\Users\Paulo\Desktop\SE2\SE2\TestEthernet\src\uip" -I"C:\Users\Paulo\Desktop\SE2\SE2\TestEthernet\src\apps\webclient" -I"C:\Users\Paulo\Desktop\SE2\SE2\TestEthernet\src\apps\resolv" -I"C:\Users\Paulo\Desktop\SE2\SE2\TestEthernet\inc" -I"C:\Users\Paulo\Desktop\SE2\SE2\LPC1769\inc" -I"C:\Users\Paulo\Desktop\SE2\SE2\CMSIS_CORE_LPC17xx\inc" -O0 -fno-common -g3 -Wall -c -fmessage-length=0 -fno-builtin -ffunction-sections -fdata-sections -mcpu=cortex-m3 -mthumb -specs=redlib.specs -MMD -MP -MF"src/uip/uip-fw.d" -MT"src/uip/uip-fw.o" -MT"src/uip/uip-fw.d" -o "src/uip/uip-fw.o" "../src/uip/uip-fw.c"
arm-none-eabi-gcc -DDEBUG -D__CODE_RED -DCORE_M3 -D__USE_CMSIS=CMSIS_CORE_LPC17xx -D__LPC17XX__ -D__REDLIB__ -I"C:\Users\Paulo\Desktop\SE2\SE2\TestEthernet\src\uip" -I"C:\Users\Paulo\Desktop\SE2\SE2\TestEthernet\src\apps\webclient" -I"C:\Users\Paulo\Desktop\SE2\SE2\TestEthernet\src\apps\resolv" -I"C:\Users\Paulo\Desktop\SE2\SE2\TestEthernet\inc" -I"C:\Users\Paulo\Desktop\SE2\SE2\LPC1769\inc" -I"C:\Users\Paulo\Desktop\SE2\SE2\CMSIS_CORE_LPC17xx\inc" -O0 -fno-common -g3 -Wall -c -fmessage-length=0 -fno-builtin -ffunction-sections -fdata-sections -mcpu=cortex-m3 -mthumb -specs=redlib.specs -MMD -MP -MF"src/uip/uip-neighbor.d" -MT"src/uip/uip-neighbor.o" -MT"src/uip/uip-neighbor.d" -o "src/uip/uip-neighbor.o" "../src/uip/uip-neighbor.c"
Building file: ../src/uip/uip-split.c
Invoking: MCU C Compiler
arm-none-eabi-gcc -DDEBUG -D__CODE_RED -DCORE_M3 -D__USE_CMSIS=CMSIS_CORE_LPC17xx -D__LPC17XX__ -D__REDLIB__ -I"C:\Users\Paulo\Desktop\SE2\SE2\TestEthernet\src\uip" -I"C:\Users\Paulo\Desktop\SE2\SE2\TestEthernet\src\apps\webclient" -I"C:\Users\Paulo\Desktop\SE2\SE2\TestEthernet\src\apps\resolv" -I"C:\Users\Paulo\Desktop\SE2\SE2\TestEthernet\inc" -I"C:\Users\Paulo\Desktop\SE2\SE2\LPC1769\inc" -I"C:\Users\Paulo\Desktop\SE2\SE2\CMSIS_CORE_LPC17xx\inc" -O0 -fno-common -g3 -Wall -c -fmessage-length=0 -fno-builtin -ffunction-sections -fdata-sections -mcpu=cortex-m3 -mthumb -specs=redlib.specs -MMD -MP -MF"src/uip/uip-split.d" -MT"src/uip/uip-split.o" -MT"src/uip/uip-split.d" -o "src/uip/uip-split.o" "../src/uip/uip-split.c"
../src/uip/psock.c: In function 'psock_send':
../src/uip/psock.c:188:14: warning: pointer targets in assignment differ in signedness [-Wpointer-sign]
   s->sendptr = buf;
              ^
In file included from ../src/uip/psock.h:85:0,
                 from ../src/uip/psock.c:40:
../src/uip/pt.h:115:29: warning: variable 'PT_YIELD_FLAG' set but not used [-Wunused-but-set-variable]
 #define PT_BEGIN(pt) { char PT_YIELD_FLAG = 1; LC_RESUME((pt)->lc)
                             ^
../src/uip/psock.c:179:3: note: in expansion of macro 'PT_BEGIN'
   PT_BEGIN(&s->psockpt);
   ^~~~~~~~
../src/uip/psock.c: In function 'psock_generator_send':
../src/uip/pt.h:115:29: warning: variable 'PT_YIELD_FLAG' set but not used [-Wunused-but-set-variable]
 #define PT_BEGIN(pt) { char PT_YIELD_FLAG = 1; LC_RESUME((pt)->lc)
                             ^
../src/uip/psock.c:218:3: note: in expansion of macro 'PT_BEGIN'
   PT_BEGIN(&s->psockpt);
   ^~~~~~~~
../src/uip/psock.c: In function 'psock_readto':
../src/uip/psock.c:276:26: warning: pointer targets in passing argument 2 of 'buf_setup' differ in signedness [-Wpointer-sign]
   buf_setup(&psock->buf, psock->bufptr, psock->bufsize);
                          ^~~~~
../src/uip/psock.c:75:1: note: expected 'u8_t * {aka unsigned char *}' but argument is of type 'char *'
 buf_setup(struct psock_buf *buf,
 ^~~~~~~~~
In file included from ../src/uip/psock.h:85:0,
                 from ../src/uip/psock.c:40:
../src/uip/pt.h:115:29: warning: variable 'PT_YIELD_FLAG' set but not used [-Wunused-but-set-variable]
 #define PT_BEGIN(pt) { char PT_YIELD_FLAG = 1; LC_RESUME((pt)->lc)
                             ^
../src/uip/psock.c:274:3: note: in expansion of macro 'PT_BEGIN'
   PT_BEGIN(&psock->psockpt);
   ^~~~~~~~
../src/uip/psock.c: In function 'psock_readbuf':
../src/uip/psock.c:303:26: warning: pointer targets in passing argument 2 of 'buf_setup' differ in signedness [-Wpointer-sign]
   buf_setup(&psock->buf, psock->bufptr, psock->bufsize);
                          ^~~~~
../src/uip/psock.c:75:1: note: expected 'u8_t * {aka unsigned char *}' but argument is of type 'char *'
 buf_setup(struct psock_buf *buf,
 ^~~~~~~~~
In file included from ../src/uip/psock.h:85:0,
                 from ../src/uip/psock.c:40:
../src/uip/pt.h:115:29: warning: variable 'PT_YIELD_FLAG' set but not used [-Wunused-but-set-variable]
 #define PT_BEGIN(pt) { char PT_YIELD_FLAG = 1; LC_RESUME((pt)->lc)
                             ^
../src/uip/psock.c:301:3: note: in expansion of macro 'PT_BEGIN'
   PT_BEGIN(&psock->psockpt);
   ^~~~~~~~
../src/uip/psock.c: In function 'psock_init':
../src/uip/psock.c:334:26: warning: pointer targets in passing argument 2 of 'buf_setup' differ in signedness [-Wpointer-sign]
   buf_setup(&psock->buf, buffer, buffersize);
                          ^~~~~~
../src/uip/psock.c:75:1: note: expected 'u8_t * {aka unsigned char *}' but argument is of type 'char *'
 buf_setup(struct psock_buf *buf,
 ^~~~~~~~~
../src/uip/uip-neighbor.c: In function 'uip_neighbor_add':
../src/uip/uip-neighbor.c:90:3: warning: implicit declaration of function 'printf' [-Wimplicit-function-declaration]
   printf("Adding neighbor with link address %02x:%02x:%02x:%02x:%02x:%02x\n",
   ^~~~~~
../src/uip/uip-split.c: In function 'uip_split_output':
../src/uip/uip-split.c:90:5: warning: implicit declaration of function 'tcpip_output' [-Wimplicit-function-declaration]
     tcpip_output();
     ^~~~~~~~~~~~
Finished building: ../src/uip/psock.c
Finished building: ../src/uip/uip-fw.c
Finished building: ../src/uip/uip-neighbor.c
 
 
Finished building: ../src/uip/uip-split.c
 
Building file: ../src/uip/uip.c
 
Building file: ../src/uip/uip_arp.c
Invoking: MCU C Compiler
Building file: ../src/uip/uiplib.c
arm-none-eabi-gcc -DDEBUG -D__CODE_RED -DCORE_M3 -D__USE_CMSIS=CMSIS_CORE_LPC17xx -D__LPC17XX__ -D__REDLIB__ -I"C:\Users\Paulo\Desktop\SE2\SE2\TestEthernet\src\uip" -I"C:\Users\Paulo\Desktop\SE2\SE2\TestEthernet\src\apps\webclient" -I"C:\Users\Paulo\Desktop\SE2\SE2\TestEthernet\src\apps\resolv" -I"C:\Users\Paulo\Desktop\SE2\SE2\TestEthernet\inc" -I"C:\Users\Paulo\Desktop\SE2\SE2\LPC1769\inc" -I"C:\Users\Paulo\Desktop\SE2\SE2\CMSIS_CORE_LPC17xx\inc" -O0 -fno-common -g3 -Wall -c -fmessage-length=0 -fno-builtin -ffunction-sections -fdata-sections -mcpu=cortex-m3 -mthumb -specs=redlib.specs -MMD -MP -MF"src/uip/uip.d" -MT"src/uip/uip.o" -MT"src/uip/uip.d" -o "src/uip/uip.o" "../src/uip/uip.c"
Invoking: MCU C Compiler
arm-none-eabi-gcc -DDEBUG -D__CODE_RED -DCORE_M3 -D__USE_CMSIS=CMSIS_CORE_LPC17xx -D__LPC17XX__ -D__REDLIB__ -I"C:\Users\Paulo\Desktop\SE2\SE2\TestEthernet\src\uip" -I"C:\Users\Paulo\Desktop\SE2\SE2\TestEthernet\src\apps\webclient" -I"C:\Users\Paulo\Desktop\SE2\SE2\TestEthernet\src\apps\resolv" -I"C:\Users\Paulo\Desktop\SE2\SE2\TestEthernet\inc" -I"C:\Users\Paulo\Desktop\SE2\SE2\LPC1769\inc" -I"C:\Users\Paulo\Desktop\SE2\SE2\CMSIS_CORE_LPC17xx\inc" -O0 -fno-common -g3 -Wall -c -fmessage-length=0 -fno-builtin -ffunction-sections -fdata-sections -mcpu=cortex-m3 -mthumb -specs=redlib.specs -MMD -MP -MF"src/uip/uip_arp.d" -MT"src/uip/uip_arp.o" -MT"src/uip/uip_arp.d" -o "src/uip/uip_arp.o" "../src/uip/uip_arp.c"
Invoking: MCU C Compiler
arm-none-eabi-gcc -DDEBUG -D__CODE_RED -DCORE_M3 -D__USE_CMSIS=CMSIS_CORE_LPC17xx -D__LPC17XX__ -D__REDLIB__ -I"C:\Users\Paulo\Desktop\SE2\SE2\TestEthernet\src\uip" -I"C:\Users\Paulo\Desktop\SE2\SE2\TestEthernet\src\apps\webclient" -I"C:\Users\Paulo\Desktop\SE2\SE2\TestEthernet\src\apps\resolv" -I"C:\Users\Paulo\Desktop\SE2\SE2\TestEthernet\inc" -I"C:\Users\Paulo\Desktop\SE2\SE2\LPC1769\inc" -I"C:\Users\Paulo\Desktop\SE2\SE2\CMSIS_CORE_LPC17xx\inc" -O0 -fno-common -g3 -Wall -c -fmessage-length=0 -fno-builtin -ffunction-sections -fdata-sections -mcpu=cortex-m3 -mthumb -specs=redlib.specs -MMD -MP -MF"src/uip/uiplib.d" -MT"src/uip/uiplib.o" -MT"src/uip/uiplib.d" -o "src/uip/uiplib.o" "../src/uip/uiplib.c"
Building file: ../src/apps/webclient/webclient-strings.c
Invoking: MCU C Compiler
arm-none-eabi-gcc -DDEBUG -D__CODE_RED -DCORE_M3 -D__USE_CMSIS=CMSIS_CORE_LPC17xx -D__LPC17XX__ -D__REDLIB__ -I"C:\Users\Paulo\Desktop\SE2\SE2\TestEthernet\src\uip" -I"C:\Users\Paulo\Desktop\SE2\SE2\TestEthernet\src\apps\webclient" -I"C:\Users\Paulo\Desktop\SE2\SE2\TestEthernet\src\apps\resolv" -I"C:\Users\Paulo\Desktop\SE2\SE2\TestEthernet\inc" -I"C:\Users\Paulo\Desktop\SE2\SE2\LPC1769\inc" -I"C:\Users\Paulo\Desktop\SE2\SE2\CMSIS_CORE_LPC17xx\inc" -O0 -fno-common -g3 -Wall -c -fmessage-length=0 -fno-builtin -ffunction-sections -fdata-sections -mcpu=cortex-m3 -mthumb -specs=redlib.specs -MMD -MP -MF"src/apps/webclient/webclient-strings.d" -MT"src/apps/webclient/webclient-strings.o" -MT"src/apps/webclient/webclient-strings.d" -o "src/apps/webclient/webclient-strings.o" "../src/apps/webclient/webclient-strings.c"
Finished building: ../src/uip/uip_arp.c
Finished building: ../src/uip/uiplib.c
Finished building: ../src/uip/uip.c
 
 
 
Finished building: ../src/apps/webclient/webclient-strings.c
Building file: ../src/apps/webclient/webclient.c
Building file: ../src/apps/resolv/resolv.c
Invoking: MCU C Compiler
 
arm-none-eabi-gcc -DDEBUG -D__CODE_RED -DCORE_M3 -D__USE_CMSIS=CMSIS_CORE_LPC17xx -D__LPC17XX__ -D__REDLIB__ -I"C:\Users\Paulo\Desktop\SE2\SE2\TestEthernet\src\uip" -I"C:\Users\Paulo\Desktop\SE2\SE2\TestEthernet\src\apps\webclient" -I"C:\Users\Paulo\Desktop\SE2\SE2\TestEthernet\src\apps\resolv" -I"C:\Users\Paulo\Desktop\SE2\SE2\TestEthernet\inc" -I"C:\Users\Paulo\Desktop\SE2\SE2\LPC1769\inc" -I"C:\Users\Paulo\Desktop\SE2\SE2\CMSIS_CORE_LPC17xx\inc" -O0 -fno-common -g3 -Wall -c -fmessage-length=0 -fno-builtin -ffunction-sections -fdata-sections -mcpu=cortex-m3 -mthumb -specs=redlib.specs -MMD -MP -MF"src/apps/webclient/webclient.d" -MT"src/apps/webclient/webclient.o" -MT"src/apps/webclient/webclient.d" -o "src/apps/webclient/webclient.o" "../src/apps/webclient/webclient.c"
Building file: ../src/TestEthernet.c
Invoking: MCU C Compiler
arm-none-eabi-gcc -DDEBUG -D__CODE_RED -DCORE_M3 -D__USE_CMSIS=CMSIS_CORE_LPC17xx -D__LPC17XX__ -D__REDLIB__ -I"C:\Users\Paulo\Desktop\SE2\SE2\TestEthernet\src\uip" -I"C:\Users\Paulo\Desktop\SE2\SE2\TestEthernet\src\apps\webclient" -I"C:\Users\Paulo\Desktop\SE2\SE2\TestEthernet\src\apps\resolv" -I"C:\Users\Paulo\Desktop\SE2\SE2\TestEthernet\inc" -I"C:\Users\Paulo\Desktop\SE2\SE2\LPC1769\inc" -I"C:\Users\Paulo\Desktop\SE2\SE2\CMSIS_CORE_LPC17xx\inc" -O0 -fno-common -g3 -Wall -c -fmessage-length=0 -fno-builtin -ffunction-sections -fdata-sections -mcpu=cortex-m3 -mthumb -specs=redlib.specs -MMD -MP -MF"src/apps/resolv/resolv.d" -MT"src/apps/resolv/resolv.o" -MT"src/apps/resolv/resolv.d" -o "src/apps/resolv/resolv.o" "../src/apps/resolv/resolv.c"
Building file: ../src/clock-arch.c
Invoking: MCU C Compiler
arm-none-eabi-gcc -DDEBUG -D__CODE_RED -DCORE_M3 -D__USE_CMSIS=CMSIS_CORE_LPC17xx -D__LPC17XX__ -D__REDLIB__ -I"C:\Users\Paulo\Desktop\SE2\SE2\TestEthernet\src\uip" -I"C:\Users\Paulo\Desktop\SE2\SE2\TestEthernet\src\apps\webclient" -I"C:\Users\Paulo\Desktop\SE2\SE2\TestEthernet\src\apps\resolv" -I"C:\Users\Paulo\Desktop\SE2\SE2\TestEthernet\inc" -I"C:\Users\Paulo\Desktop\SE2\SE2\LPC1769\inc" -I"C:\Users\Paulo\Desktop\SE2\SE2\CMSIS_CORE_LPC17xx\inc" -O0 -fno-common -g3 -Wall -c -fmessage-length=0 -fno-builtin -ffunction-sections -fdata-sections -mcpu=cortex-m3 -mthumb -specs=redlib.specs -MMD -MP -MF"src/TestEthernet.d" -MT"src/TestEthernet.o" -MT"src/TestEthernet.d" -o "src/TestEthernet.o" "../src/TestEthernet.c"
Invoking: MCU C Compiler
arm-none-eabi-gcc -DDEBUG -D__CODE_RED -DCORE_M3 -D__USE_CMSIS=CMSIS_CORE_LPC17xx -D__LPC17XX__ -D__REDLIB__ -I"C:\Users\Paulo\Desktop\SE2\SE2\TestEthernet\src\uip" -I"C:\Users\Paulo\Desktop\SE2\SE2\TestEthernet\src\apps\webclient" -I"C:\Users\Paulo\Desktop\SE2\SE2\TestEthernet\src\apps\resolv" -I"C:\Users\Paulo\Desktop\SE2\SE2\TestEthernet\inc" -I"C:\Users\Paulo\Desktop\SE2\SE2\LPC1769\inc" -I"C:\Users\Paulo\Desktop\SE2\SE2\CMSIS_CORE_LPC17xx\inc" -O0 -fno-common -g3 -Wall -c -fmessage-length=0 -fno-builtin -ffunction-sections -fdata-sections -mcpu=cortex-m3 -mthumb -specs=redlib.specs -MMD -MP -MF"src/clock-arch.d" -MT"src/clock-arch.o" -MT"src/clock-arch.d" -o "src/clock-arch.o" "../src/clock-arch.c"
../src/apps/webclient/webclient.c: In function 'copy_string':
../src/apps/webclient/webclient.c:174:11: warning: pointer targets in passing argument 1 of 'strncpy' differ in signedness [-Wpointer-sign]
   strncpy(dest, src, len);
           ^~~~
In file included from ../src/apps/webclient/webclient.c:63:0:
c:\nxp\mcuxpressoide_10.1.1_606\ide\tools\redlib\include\string.h:38:14: note: expected 'char * restrict' but argument is of type 'unsigned char *'
 extern char *strncpy(char * restrict __s1,
              ^~~~~~~
../src/apps/webclient/webclient.c:174:17: warning: pointer targets in passing argument 2 of 'strncpy' differ in signedness [-Wpointer-sign]
   strncpy(dest, src, len);
                 ^~~
In file included from ../src/apps/webclient/webclient.c:63:0:
c:\nxp\mcuxpressoide_10.1.1_606\ide\tools\redlib\include\string.h:38:14: note: expected 'const char * restrict' but argument is of type 'const unsigned char *'
 extern char *strncpy(char * restrict __s1,
              ^~~~~~~
../src/apps/webclient/webclient.c: In function 'senddata':
../src/apps/webclient/webclient.c:188:24: warning: pointer targets in passing argument 1 of 'copy_string' differ in signedness [-Wpointer-sign]
     cptr = copy_string(cptr, http_get, sizeof(http_get) - 1);
                        ^~~~
../src/apps/webclient/webclient.c:171:1: note: expected 'unsigned char *' but argument is of type 'char *'
 copy_string(unsigned char *dest,
 ^~~~~~~~~~~
../src/apps/webclient/webclient.c:188:30: warning: pointer targets in passing argument 2 of 'copy_string' differ in signedness [-Wpointer-sign]
     cptr = copy_string(cptr, http_get, sizeof(http_get) - 1);
                              ^~~~~~~~
../src/apps/webclient/webclient.c:171:1: note: expected 'const unsigned char *' but argument is of type 'const char *'
 copy_string(unsigned char *dest,
 ^~~~~~~~~~~
../src/apps/webclient/webclient.c:188:10: warning: pointer targets in assignment differ in signedness [-Wpointer-sign]
     cptr = copy_string(cptr, http_get, sizeof(http_get) - 1);
          ^
../src/apps/webclient/webclient.c:189:24: warning: pointer targets in passing argument 1 of 'copy_string' differ in signedness [-Wpointer-sign]
     cptr = copy_string(cptr, s.file, strlen(s.file));
                        ^~~~
../src/apps/webclient/webclient.c:171:1: note: expected 'unsigned char *' but argument is of type 'char *'
 copy_string(unsigned char *dest,
 ^~~~~~~~~~~
../src/apps/webclient/webclient.c:189:30: warning: pointer targets in passing argument 2 of 'copy_string' differ in signedness [-Wpointer-sign]
     cptr = copy_string(cptr, s.file, strlen(s.file));
                              ^
../src/apps/webclient/webclient.c:171:1: note: expected 'const unsigned char *' but argument is of type 'char *'
 copy_string(unsigned char *dest,
 ^~~~~~~~~~~
../src/apps/webclient/webclient.c:189:10: warning: pointer targets in assignment differ in signedness [-Wpointer-sign]
     cptr = copy_string(cptr, s.file, strlen(s.file));
          ^
../src/apps/webclient/webclient.c:191:24: warning: pointer targets in passing argument 1 of 'copy_string' differ in signedness [-Wpointer-sign]
     cptr = copy_string(cptr, http_10, sizeof(http_10) - 1);
                        ^~~~
../src/apps/webclient/webclient.c:171:1: note: expected 'unsigned char *' but argument is of type 'char *'
 copy_string(unsigned char *dest,
 ^~~~~~~~~~~
../src/apps/webclient/webclient.c:191:30: warning: pointer targets in passing argument 2 of 'copy_string' differ in signedness [-Wpointer-sign]
     cptr = copy_string(cptr, http_10, sizeof(http_10) - 1);
                              ^~~~~~~
../src/apps/webclient/webclient.c:171:1: note: expected 'const unsigned char *' but argument is of type 'const char *'
 copy_string(unsigned char *dest,
 ^~~~~~~~~~~
../src/apps/webclient/webclient.c:191:10: warning: pointer targets in assignment differ in signedness [-Wpointer-sign]
     cptr = copy_string(cptr, http_10, sizeof(http_10) - 1);
          ^
../src/apps/webclient/webclient.c:193:24: warning: pointer targets in passing argument 1 of 'copy_string' differ in signedness [-Wpointer-sign]
     cptr = copy_string(cptr, http_crnl, sizeof(http_crnl) - 1);
                        ^~~~
../src/apps/webclient/webclient.c:171:1: note: expected 'unsigned char *' but argument is of type 'char *'
 copy_string(unsigned char *dest,
 ^~~~~~~~~~~
../src/apps/webclient/webclient.c:193:30: warning: pointer targets in passing argument 2 of 'copy_string' differ in signedness [-Wpointer-sign]
     cptr = copy_string(cptr, http_crnl, sizeof(http_crnl) - 1);
                              ^~~~~~~~~
../src/apps/webclient/webclient.c:171:1: note: expected 'const unsigned char *' but argument is of type 'const char *'
 copy_string(unsigned char *dest,
 ^~~~~~~~~~~
../src/apps/webclient/webclient.c:193:10: warning: pointer targets in assignment differ in signedness [-Wpointer-sign]
     cptr = copy_string(cptr, http_crnl, sizeof(http_crnl) - 1);
          ^
../src/apps/webclient/webclient.c:195:24: warning: pointer targets in passing argument 1 of 'copy_string' differ in signedness [-Wpointer-sign]
     cptr = copy_string(cptr, http_host, sizeof(http_host) - 1);
                        ^~~~
../src/apps/webclient/webclient.c:171:1: note: expected 'unsigned char *' but argument is of type 'char *'
 copy_string(unsigned char *dest,
 ^~~~~~~~~~~
../src/apps/webclient/webclient.c:195:30: warning: pointer targets in passing argument 2 of 'copy_string' differ in signedness [-Wpointer-sign]
     cptr = copy_string(cptr, http_host, sizeof(http_host) - 1);
                              ^~~~~~~~~
../src/apps/webclient/webclient.c:171:1: note: expected 'const unsigned char *' but argument is of type 'const char *'
 copy_string(unsigned char *dest,
 ^~~~~~~~~~~
../src/apps/webclient/webclient.c:195:10: warning: pointer targets in assignment differ in signedness [-Wpointer-sign]
     cptr = copy_string(cptr, http_host, sizeof(http_host) - 1);
          ^
../src/apps/webclient/webclient.c:196:24: warning: pointer targets in passing argument 1 of 'copy_string' differ in signedness [-Wpointer-sign]
     cptr = copy_string(cptr, s.host, strlen(s.host));
                        ^~~~
../src/apps/webclient/webclient.c:171:1: note: expected 'unsigned char *' but argument is of type 'char *'
 copy_string(unsigned char *dest,
 ^~~~~~~~~~~
../src/apps/webclient/webclient.c:196:30: warning: pointer targets in passing argument 2 of 'copy_string' differ in signedness [-Wpointer-sign]
     cptr = copy_string(cptr, s.host, strlen(s.host));
                              ^
../src/apps/webclient/webclient.c:171:1: note: expected 'const unsigned char *' but argument is of type 'char *'
 copy_string(unsigned char *dest,
 ^~~~~~~~~~~
../src/apps/webclient/webclient.c:196:10: warning: pointer targets in assignment differ in signedness [-Wpointer-sign]
     cptr = copy_string(cptr, s.host, strlen(s.host));
          ^
../src/apps/webclient/webclient.c:197:24: warning: pointer targets in passing argument 1 of 'copy_string' differ in signedness [-Wpointer-sign]
     cptr = copy_string(cptr, http_crnl, sizeof(http_crnl) - 1);
                        ^~~~
../src/apps/webclient/webclient.c:171:1: note: expected 'unsigned char *' but argument is of type 'char *'
 copy_string(unsigned char *dest,
 ^~~~~~~~~~~
../src/apps/webclient/webclient.c:197:30: warning: pointer targets in passing argument 2 of 'copy_string' differ in signedness [-Wpointer-sign]
     cptr = copy_string(cptr, http_crnl, sizeof(http_crnl) - 1);
                              ^~~~~~~~~
../src/apps/webclient/webclient.c:171:1: note: expected 'const unsigned char *' but argument is of type 'const char *'
 copy_string(unsigned char *dest,
 ^~~~~~~~~~~
../src/apps/webclient/webclient.c:197:10: warning: pointer targets in assignment differ in signedness [-Wpointer-sign]
     cptr = copy_string(cptr, http_crnl, sizeof(http_crnl) - 1);
          ^
../src/apps/webclient/webclient.c:199:24: warning: pointer targets in passing argument 1 of 'copy_string' differ in signedness [-Wpointer-sign]
     cptr = copy_string(cptr, http_user_agent_fields,
                        ^~~~
../src/apps/webclient/webclient.c:171:1: note: expected 'unsigned char *' but argument is of type 'char *'
 copy_string(unsigned char *dest,
 ^~~~~~~~~~~
../src/apps/webclient/webclient.c:199:30: warning: pointer targets in passing argument 2 of 'copy_string' differ in signedness [-Wpointer-sign]
     cptr = copy_string(cptr, http_user_agent_fields,
                              ^~~~~~~~~~~~~~~~~~~~~~
../src/apps/webclient/webclient.c:171:1: note: expected 'const unsigned char *' but argument is of type 'const char *'
 copy_string(unsigned char *dest,
 ^~~~~~~~~~~
../src/apps/webclient/webclient.c:199:10: warning: pointer targets in assignment differ in signedness [-Wpointer-sign]
     cptr = copy_string(cptr, http_user_agent_fields,
          ^
../src/apps/resolv/resolv.c: In function 'newdata':
../src/apps/resolv/resolv.c:281:26: warning: pointer targets in passing argument 1 of 'parse_name' differ in signedness [-Wpointer-sign]
     nameptr = parse_name((char *)uip_appdata + 12) + 4;
                          ^
../src/apps/resolv/resolv.c:144:1: note: expected 'unsigned char *' but argument is of type 'char *'
 parse_name(unsigned char *query)
 ^~~~~~~~~~
../src/apps/resolv/resolv.c:281:13: warning: pointer targets in assignment differ in signedness [-Wpointer-sign]
     nameptr = parse_name((char *)uip_appdata + 12) + 4;
             ^
../src/apps/resolv/resolv.c:292:23: warning: pointer targets in passing argument 1 of 'parse_name' differ in signedness [-Wpointer-sign]
  nameptr = parse_name((char *)nameptr);
                       ^
../src/apps/resolv/resolv.c:144:1: note: expected 'unsigned char *' but argument is of type 'char *'
 parse_name(unsigned char *query)
 ^~~~~~~~~~
../src/apps/resolv/resolv.c:292:10: warning: pointer targets in assignment differ in signedness [-Wpointer-sign]
  nameptr = parse_name((char *)nameptr);
          ^
../src/apps/resolv/resolv.c:240:15: warning: variable 'nquestions' set but not used [-Wunused-but-set-variable]
   static u8_t nquestions, nanswers;
               ^~~~~~~~~~
../src/apps/resolv/resolv.c: In function 'resolv_conf':
../src/apps/resolv/resolv.c:444:29: warning: passing argument 1 of 'uip_udp_new' from incompatible pointer type [-Wincompatible-pointer-types]
   resolv_conn = uip_udp_new(dnsserver, HTONS(53));
                             ^~~~~~~~~
In file included from ../src/apps/resolv/resolv.c:64:0:
C:\Users\Paulo\Desktop\SE2\SE2\TestEthernet\src\uip/uip.h:766:22: note: expected 'u16_t (*)[2] {aka short unsigned int (*)[2]}' but argument is of type 'u16_t * {aka short unsigned int *}'
 struct uip_udp_conn *uip_udp_new(uip_ipaddr_t *ripaddr, u16_t rport);
                      ^~~~~~~~~~~
../src/clock-arch.c: In function 'clock_time':
../src/clock-arch.c:48:10: warning: implicit declaration of function 'TIMER0_GetValue' [-Wimplicit-function-declaration]
   return TIMER0_GetValue();
          ^~~~~~~~~~~~~~~
../src/TestEthernet.c:27:0: warning: "CLOCK_SECOND" redefined
 #define CLOCK_SECOND 1000
 
In file included from C:\Users\Paulo\Desktop\SE2\SE2\TestEthernet\src\uip/Timer.h:64:0,
                 from ../src/TestEthernet.c:26:
C:\Users\Paulo\Desktop\SE2\SE2\TestEthernet\src\uip/clock.h:81:0: note: this is the location of the previous definition
 #define CLOCK_SECOND CLOCK_CONF_SECOND
 
../src/TestEthernet.c: In function 'main':
../src/TestEthernet.c:41:2: warning: implicit declaration of function 'TIMER0_Init' [-Wimplicit-function-declaration]
  TIMER0_Init(1);
  ^~~~~~~~~~~
../src/TestEthernet.c:42:19: warning: implicit declaration of function 'TIMER0_GetValue' [-Wimplicit-function-declaration]
  periodic_timer = TIMER0_GetValue();
                   ^~~~~~~~~~~~~~~
../src/TestEthernet.c:83:35: warning: pointer targets in passing argument 1 of 'Ethernet_ReceiveFrame' differ in signedness [-Wpointer-sign]
   uip_len = Ethernet_ReceiveFrame(uip_buf);
                                   ^~~~~~~
In file included from ../src/TestEthernet.c:25:0:
C:\Users\Paulo\Desktop\SE2\SE2\LPC1769\inc/Ethernet.h:93:5: note: expected 'char *' but argument is of type 'u8_t * {aka unsigned char *}'
 int Ethernet_ReceiveFrame(char * buffer);
     ^~~~~~~~~~~~~~~~~~~~~
../src/TestEthernet.c:93:26: warning: pointer targets in passing argument 1 of 'Ethernet_WriteFrame' differ in signedness [-Wpointer-sign]
      Ethernet_WriteFrame(uip_buf, uip_len);
                          ^~~~~~~
In file included from ../src/TestEthernet.c:25:0:
C:\Users\Paulo\Desktop\SE2\SE2\LPC1769\inc/Ethernet.h:94:6: note: expected 'char *' but argument is of type 'u8_t * {aka unsigned char *}'
 void Ethernet_WriteFrame(char * buffer, int length);
      ^~~~~~~~~~~~~~~~~~~
../src/TestEthernet.c:101:26: warning: pointer targets in passing argument 1 of 'Ethernet_WriteFrame' differ in signedness [-Wpointer-sign]
      Ethernet_WriteFrame(uip_buf, uip_len);
                          ^~~~~~~
In file included from ../src/TestEthernet.c:25:0:
C:\Users\Paulo\Desktop\SE2\SE2\LPC1769\inc/Ethernet.h:94:6: note: expected 'char *' but argument is of type 'u8_t * {aka unsigned char *}'
 void Ethernet_WriteFrame(char * buffer, int length);
      ^~~~~~~~~~~~~~~~~~~
../src/TestEthernet.c:105:14: warning: implicit declaration of function 'TIMER0_Elapse' [-Wimplicit-function-declaration]
   } else if (TIMER0_Elapse(periodic_timer) > CLOCK_SECOND / 2) {
              ^~~~~~~~~~~~~
../src/TestEthernet.c:114:26: warning: pointer targets in passing argument 1 of 'Ethernet_WriteFrame' differ in signedness [-Wpointer-sign]
      Ethernet_WriteFrame(uip_buf, uip_len);
                          ^~~~~~~
In file included from ../src/TestEthernet.c:25:0:
C:\Users\Paulo\Desktop\SE2\SE2\LPC1769\inc/Ethernet.h:94:6: note: expected 'char *' but argument is of type 'u8_t * {aka unsigned char *}'
 void Ethernet_WriteFrame(char * buffer, int length);
      ^~~~~~~~~~~~~~~~~~~
../src/TestEthernet.c:126:26: warning: pointer targets in passing argument 1 of 'Ethernet_WriteFrame' differ in signedness [-Wpointer-sign]
      Ethernet_WriteFrame(uip_buf, uip_len);
                          ^~~~~~~
In file included from ../src/TestEthernet.c:25:0:
C:\Users\Paulo\Desktop\SE2\SE2\LPC1769\inc/Ethernet.h:94:6: note: expected 'char *' but argument is of type 'u8_t * {aka unsigned char *}'
 void Ethernet_WriteFrame(char * buffer, int length);
      ^~~~~~~~~~~~~~~~~~~
../src/TestEthernet.c: In function 'resolv_found':
../src/TestEthernet.c:145:9: warning: unused variable 'ipaddr2' [-Wunused-variable]
  u16_t *ipaddr2;
         ^~~~~~~
Finished building: ../src/apps/webclient/webclient.c
 
Finished building: ../src/apps/resolv/resolv.c
Finished building: ../src/clock-arch.c
 
Building file: ../src/cr_startup_lpc175x_6x.c
 
Finished building: ../src/TestEthernet.c
Invoking: MCU C Compiler
arm-none-eabi-gcc -DDEBUG -D__CODE_RED -DCORE_M3 -D__USE_CMSIS=CMSIS_CORE_LPC17xx -D__LPC17XX__ -D__REDLIB__ -I"C:\Users\Paulo\Desktop\SE2\SE2\TestEthernet\src\uip" -I"C:\Users\Paulo\Desktop\SE2\SE2\TestEthernet\src\apps\webclient" -I"C:\Users\Paulo\Desktop\SE2\SE2\TestEthernet\src\apps\resolv" -I"C:\Users\Paulo\Desktop\SE2\SE2\TestEthernet\inc" -I"C:\Users\Paulo\Desktop\SE2\SE2\LPC1769\inc" -I"C:\Users\Paulo\Desktop\SE2\SE2\CMSIS_CORE_LPC17xx\inc" -O0 -fno-common -g3 -Wall -c -fmessage-length=0 -fno-builtin -ffunction-sections -fdata-sections -mcpu=cortex-m3 -mthumb -specs=redlib.specs -MMD -MP -MF"src/cr_startup_lpc175x_6x.d" -MT"src/cr_startup_lpc175x_6x.o" -MT"src/cr_startup_lpc175x_6x.d" -o "src/cr_startup_lpc175x_6x.o" "../src/cr_startup_lpc175x_6x.c"
Building file: ../src/crp.c
 
Invoking: MCU C Compiler
arm-none-eabi-gcc -DDEBUG -D__CODE_RED -DCORE_M3 -D__USE_CMSIS=CMSIS_CORE_LPC17xx -D__LPC17XX__ -D__REDLIB__ -I"C:\Users\Paulo\Desktop\SE2\SE2\TestEthernet\src\uip" -I"C:\Users\Paulo\Desktop\SE2\SE2\TestEthernet\src\apps\webclient" -I"C:\Users\Paulo\Desktop\SE2\SE2\TestEthernet\src\apps\resolv" -I"C:\Users\Paulo\Desktop\SE2\SE2\TestEthernet\inc" -I"C:\Users\Paulo\Desktop\SE2\SE2\LPC1769\inc" -I"C:\Users\Paulo\Desktop\SE2\SE2\CMSIS_CORE_LPC17xx\inc" -O0 -fno-common -g3 -Wall -c -fmessage-length=0 -fno-builtin -ffunction-sections -fdata-sections -mcpu=cortex-m3 -mthumb -specs=redlib.specs -MMD -MP -MF"src/crp.d" -MT"src/crp.o" -MT"src/crp.d" -o "src/crp.o" "../src/crp.c"
Finished building: ../src/cr_startup_lpc175x_6x.c
 
Finished building: ../src/crp.c
 
Building target: TestEthernet.axf
Invoking: MCU Linker
arm-none-eabi-gcc -nostdlib -L"C:\Users\Paulo\Desktop\SE2\SE2\CMSIS_CORE_LPC17xx\Debug" -L"C:\Users\Paulo\Desktop\SE2\SE2\LPC1769\Debug" -Xlinker -Map="TestEthernet.map" -Xlinker --gc-sections -Xlinker -print-memory-usage -mcpu=cortex-m3 -mthumb -T "TestEthernet_Debug.ld" -o "TestEthernet.axf"  ./src/uip/psock.o ./src/uip/uip-fw.o ./src/uip/uip-neighbor.o ./src/uip/uip-split.o ./src/uip/uip.o ./src/uip/uip_arp.o ./src/uip/uiplib.o  ./src/apps/webclient/webclient-strings.o ./src/apps/webclient/webclient.o  ./src/apps/resolv/resolv.o  ./src/TestEthernet.o ./src/clock-arch.o ./src/cr_startup_lpc175x_6x.o ./src/crp.o   -lCMSIS_CORE_LPC17xx -lLPC1769
Memory region         Used Size  Region Size  %age Used
       MFlash512:       24752 B       512 KB      4.72%
        RamLoc32:       19556 B        32 KB     59.68%
        RamAHB32:          0 GB        32 KB      0.00%
Finished building target: TestEthernet.axf
 
make --no-print-directory post-build
Performing post-build steps
arm-none-eabi-size "TestEthernet.axf"; # arm-none-eabi-objcopy -v -O binary "TestEthernet.axf" "TestEthernet.bin" ; # checksum -p LPC1769 -d "TestEthernet.bin";
   text	   data	    bss	    dec	    hex	filename
  24740	     12	  19544	  44296	   ad08	TestEthernet.axf
 
18:32:16 **** Incremental Build of configuration Debug for project CMSIS_CORE_LPC17xx ****
make -r all 
make: Nothing to be done for `all'.
18:32:17 **** Incremental Build of configuration Debug for project FreeRTOS_Library ****
make -r all 
make: Nothing to be done for `all'.
18:32:18 **** Incremental Build of configuration Debug for project LPC1769 ****
make -r all 
make: Nothing to be done for `all'.
18:32:20 **** Incremental Build of configuration Debug for project TestEthernet ****
make -r -j4 all 
make: Nothing to be done for `all'.
18:32:23 **** Incremental Build of configuration Debug for project TestEthernet ****
make -r -j4 all 
make: Nothing to be done for `all'.
