16:48:20 **** Incremental Build of configuration Debug for project LPC1769 ****
make -r all 
Building file: ../src/I2C.c
Invoking: MCU C Compiler
arm-none-eabi-gcc -D__REDLIB__ -DDEBUG -D__CODE_RED -DCORE_M3 -D__USE_CMSIS=CMSIS_CORE_LPC17xx -D__LPC17XX__ -I"C:\Faculdade\6_Semestre\SE2\SE2\LPC1769\inc" -I"C:\Faculdade\6_Semestre\SE2\SE2\CMSIS_CORE_LPC17xx\inc" -O0 -fno-common -g3 -Wall -c -fmessage-length=0 -fno-builtin -ffunction-sections -fdata-sections -mcpu=cortex-m3 -mthumb -specs=redlib.specs -MMD -MP -MF"src/I2C.d" -MT"src/I2C.o" -MT"src/I2C.d" -o "src/I2C.o" "../src/I2C.c"
Finished building: ../src/I2C.c
 
Building target: libLPC1769.a
Invoking: MCU Archiver
arm-none-eabi-ar -r  "libLPC1769.a"  ./src/Flash.o ./src/GPIO.o ./src/I2C.o ./src/KeyPad.o ./src/LCD.o ./src/RTC.o ./src/SPI.o ./src/Timer.o ./src/lab5_font.o   
c:\nxp\MCUXpressoIDE_10.1.1_606\ide\tools\bin\arm-none-eabi-ar.exe: creating libLPC1769.a
Finished building target: libLPC1769.a
 
make --no-print-directory post-build
Performing post-build steps
arm-none-eabi-size "libLPC1769.a" ; # arm-none-eabi-objdump -h -S "libLPC1769.a" >"libLPC1769.lss"
   text	   data	    bss	    dec	    hex	filename
    234	      0	      0	    234	     ea	Flash.o (ex libLPC1769.a)
    216	      0	      0	    216	     d8	GPIO.o (ex libLPC1769.a)
    964	      0	    148	   1112	    458	I2C.o (ex libLPC1769.a)
    304	     32	     12	    348	    15c	KeyPad.o (ex libLPC1769.a)
   1210	      8	     20	   1238	    4d6	LCD.o (ex libLPC1769.a)
    432	      0	      0	    432	    1b0	RTC.o (ex libLPC1769.a)
    252	      0	      0	    252	     fc	SPI.o (ex libLPC1769.a)
    158	      0	      0	    158	     9e	Timer.o (ex libLPC1769.a)
   1552	      0	      0	   1552	    610	lab5_font.o (ex libLPC1769.a)
 

16:48:21 Build Finished (took 1s.683ms)

