19:35:08 **** Incremental Build of configuration Debug for project Project_SE1 ****
make -r -j4 all 
Building target: Project_SE1.axf
Invoking: MCU Linker
arm-none-eabi-gcc -nostdlib -L"C:\Faculdade\6_Semestre\SE2\SE2\CMSIS_CORE_LPC17xx\Debug" -L"C:\Faculdade\6_Semestre\SE2\SE2\LPC1769\Debug" -Xlinker -Map="Project_SE1.map" -Xlinker --gc-sections -Xlinker -print-memory-usage -mcpu=cortex-m3 -mthumb -T "Project_SE1_Debug.ld" -o "Project_SE1.axf"  ./src/play_module/Play.o  ./src/config_module/Config.o  ./src/Utils/EventManager.o ./src/Utils/TimeManager.o ./src/Utils/UI_Manager.o  ./src/App.o ./src/cr_startup_lpc175x_6x.o ./src/crp.o   -lCMSIS_CORE_LPC17xx -lLPC1769
Memory region         Used Size  Region Size  %age Used
       MFlash512:       12752 B       512 KB      2.43%
        RamLoc32:         848 B        32 KB      2.59%
        RamAHB32:          0 GB        32 KB      0.00%
Finished building target: Project_SE1.axf
 
make --no-print-directory post-build
Performing post-build steps
arm-none-eabi-size "Project_SE1.axf"; # arm-none-eabi-objcopy -v -O binary "Project_SE1.axf" "Project_SE1.bin" ; # checksum -p LPC1769 -d "Project_SE1.bin";
   text	   data	    bss	    dec	    hex	filename
  12592	    160	    688	  13440	   3480	Project_SE1.axf
 

19:35:09 Build Finished (took 689ms)

