18:02:52 **** Incremental Build of configuration Debug for project Test ****
make -r -j8 all 
Building file: ../src/Test.c
Invoking: MCU C Compiler
arm-none-eabi-gcc -DDEBUG -D__CODE_RED -DCORE_M3 -D__USE_CMSIS=CMSIS_CORE_LPC17xx -D__LPC17XX__ -D__REDLIB__ -I"C:\Users\PsychoSnake\Documents\Informatica\ISEL\6_Semestre\SE2\Test\inc" -I"C:\Users\PsychoSnake\Documents\Informatica\ISEL\6_Semestre\SE2\CMSIS_CORE_LPC17xx\inc" -O0 -fno-common -g3 -Wall -c -fmessage-length=0 -fno-builtin -ffunction-sections -fdata-sections -mcpu=cortex-m3 -mthumb -specs=redlib.specs -MMD -MP -MF"src/Test.d" -MT"src/Test.o" -MT"src/Test.d" -o "src/Test.o" "../src/Test.c"
Finished building: ../src/Test.c
 
Building target: Test.axf
Invoking: MCU Linker
arm-none-eabi-gcc -nostdlib -L"C:\Users\PsychoSnake\Documents\Informatica\ISEL\6_Semestre\SE2\CMSIS_CORE_LPC17xx\Debug" -Xlinker -Map="Test.map" -Xlinker --gc-sections -Xlinker -print-memory-usage -mcpu=cortex-m3 -mthumb -T "Test_Debug.ld" -o "Test.axf"  ./src/Test.o ./src/cr_startup_lpc175x_6x.o ./src/crp.o   -lCMSIS_CORE_LPC17xx
Memory region         Used Size  Region Size  %age Used
       MFlash512:       11668 B       512 KB      2.23%
        RamLoc32:         500 B        32 KB      1.53%
        RamAHB32:          0 GB        32 KB      0.00%
Finished building target: Test.axf
 
make --no-print-directory post-build
Performing post-build steps
arm-none-eabi-size "Test.axf"; # arm-none-eabi-objcopy -v -O binary "Test.axf" "Test.bin" ; # checksum -p LPC1769 -d "Test.bin";
   text	   data	    bss	    dec	    hex	filename
  11660	      8	    492	  12160	   2f80	Test.axf
 

18:02:53 Build Finished (took 1s.328ms)

